[relearning.tech/index.html]
[backblue.gif]
[fade.gif]
[index.html]
[relearning.tech/wp-json/oembed/1.0/embed7080.json]
[fonts.googleapis.com/index.html]
[relearning.tech/wp-json/oembed/1.0/embed4453]
[relearning.tech/feed/index.html]
[relearning.tech/comments/feed/index.html]
[relearning.tech/wp-content/plugins/the-post-grid/assets/vendor/font-awesome/css/font-awesome.min883c.css]
[relearning.tech/wp-content/plugins/the-post-grid/assets/css/thepostgrid.min883c.css]
[relearning.tech/wp-content/themes/generatepress/assets/css/components/widget-areas.mina7a0.css]
[relearning.tech/wp-content/themes/generatepress/assets/css/main.mina7a0.css]
[relearning.tech/wp-content/plugins/elementor/assets/lib/eicons/css/elementor-icons.min7f15.css]
[relearning.tech/wp-content/plugins/elementor/assets/css/frontend.min6740.css]
[relearning.tech/wp-content/uploads/elementor/css/post-11fde0.css]
[relearning.tech/wp-content/plugins/elementor/assets/lib/swiper/v8/css/swiper.min94a4.css]
[relearning.tech/wp-content/plugins/elementor/assets/css/conditionals/e-swiper.min6740.css]
[relearning.tech/wp-content/plugins/elementor/assets/css/widget-image-carousel.min6740.css]
[relearning.tech/wp-content/plugins/elementor/assets/css/widget-icon-box.min6740.css]
[relearning.tech/wp-content/plugins/elementor/assets/css/widget-heading.min6740.css]
[relearning.tech/wp-content/plugins/elementor/assets/css/widget-image.min6740.css]
[relearning.tech/wp-content/plugins/elementor/assets/css/widget-divider.min6740.css]
[relearning.tech/wp-content/uploads/elementor/css/post-12b109.css]
[relearning.tech/wp-content/uploads/elementor/google-fonts/css/robotocf3f.css]
[relearning.tech/wp-content/uploads/elementor/google-fonts/css/robotoslab466d.css]
[relearning.tech/wp-content/uploads/elementor/google-fonts/css/sora466d.css]
[relearning.tech/wp-content/uploads/elementor/google-fonts/css/kanitc688.css]
[relearning.tech/wp-content/plugins/elementor/assets/lib/font-awesome/css/fontawesome.min52d5.css]
[relearning.tech/wp-content/plugins/elementor/assets/lib/font-awesome/css/solid.min52d5.css]
[relearning.tech/wp-includes/js/jquery/jquery.minf43b.js]
[relearning.tech/wp-includes/js/jquery/jquery-migrate.min5589.js]
[relearning.tech/wp-json/wp/v2/pages/12.json]
[relearning.tech/wp-json/index.html]
[relearning.tech/xmlrpc0db0.php]
[relearning.tech/wp-content/uploads/2022/07/Logo-thai_bold.png]
[relearning.tech/wp-content/uploads/2022/06/MicrosoftTeams-image-3-e1654717935932.21.delayed]
[relearning.tech/about-us/index.html]
[relearning.tech/wp-content/uploads/2022/02/Webp.net-resizeimage-1.22.delayed]
[relearning.tech/product/index.html]
[relearning.tech/wp-content/uploads/2022/02/logo-1001.png]
[relearning.tech/blog/index.html]
[relearning.tech/contact/index.html]
[relearning.tech/wp-content/uploads/2022/02/Webp.net-resizeimage-3.png]
[relearning.tech/wp-content/uploads/2022/02/Webp.net-resizeimage-4.png]
[relearning.tech/donate/index.html]
[relearning.tech/wp-content/uploads/2022/06/Untitled-1.png]
[relearning.tech/wp-content/uploads/forminator/166_a85e8e65bbeb158e6be8038de3f774d6/css/style-16645c9.css]
[relearning.tech/wp-content/plugins/forminator/assets/forminator-ui/css/forminator-icons.min151a.css]
[relearning.tech/wp-content/plugins/forminator/assets/forminator-ui/css/src/forminator-utilities.min151a.css]
[relearning.tech/wp-content/plugins/forminator/assets/forminator-ui/css/src/grid/forminator-grid.open.min151a.css]
[relearning.tech/wp-content/plugins/forminator/assets/forminator-ui/css/src/form/forminator-form-flat.base.min151a.css]
[relearning.tech/wp-includes/css/buttons.min4d80.css]
[fonts.bunny.net/cssbcd5.css]
[relearning.tech/wp-content/themes/generatepress/assets/js/menu.mina7a0.js]
[relearning.tech/wp-content/themes/generatepress/assets/js/navigation-search.mina7a0.js]
[relearning.tech/wp-content/themes/generatepress/assets/js/back-to-top.mina7a0.js]
[relearning.tech/wp-content/plugins/elementor/assets/lib/swiper/v8/swiper.min94a4.js]
[relearning.tech/wp-content/plugins/elementor/assets/js/webpack.runtime.min6740.js]
[relearning.tech/wp-content/plugins/elementor/assets/js/frontend-modules.min6740.js]
[relearning.tech/wp-includes/js/jquery/ui/core.minb37e.js]
[relearning.tech/wp-content/plugins/elementor/assets/js/frontend.min6740.js]
[relearning.tech/wp-content/plugins/forminator/assets/js/library/jquery.validate.min151a.js]
[relearning.tech/wp-content/plugins/forminator/assets/forminator-ui/js/forminator-form.min151a.js]
[relearning.tech/wp-content/plugins/forminator/build/front/front.multi.min151a.js]
[relearning.tech/index.html]
[fonts.gstatic.com/index.html]
[fonts.googleapis.com/index.html]
[fonts.googleapis.com/csse965.css]
[relearning.tech/wp-json/oembed/1.0/embed3d23.json]
[relearning.tech/wp-json/oembed/1.0/embed766f]
[relearning.tech/wp-content/plugins/elementor/assets/css/widget-icon-list.min6740.css]
[relearning.tech/wp-content/uploads/elementor/css/post-1422e78.css]
[relearning.tech/wp-json/wp/v2/pages/142.json]
[relearning.tech/wp-content/uploads/2022/07/Logo-768x768.3f.delayed]
[relearning.tech/wp-content/uploads/2022/04/นพ_ก้องเกียรติ_เกษเพ็ชร์.png]
[relearning.tech/wp-content/uploads/2022/04/เบญจมาพร_ฉายานนท์.png]
[relearning.tech/wp-content/uploads/2022/04/ชลลดา_สิทธิฑูรย์.png]
[relearning.tech/wp-content/uploads/2022/04/สมหญิง_สายธนู​.png]
[relearning.tech/wp-content/uploads/2022/04/ดร_อภัสรินทร์_ขณะรัตน์​.png]
[relearning.tech/wp-content/uploads/2022/04/สิทธิชัย_ปราศรัย​.png]
[relearning.tech/wp-content/uploads/2022/04/พัตทนีย์_ทองธรรมชาติ​.png]
[relearning.tech/about-us/index.html]
[relearning.tech/wp-json/oembed/1.0/embed7559.json]
[relearning.tech/wp-json/oembed/1.0/embed25dc]
[relearning.tech/wp-content/uploads/elementor/css/post-3199758.css]
[relearning.tech/wp-json/wp/v2/pages/319.json]
[relearning.tech/wp-content/plugins/elementor/assets/images/placeholder.png]
[relearning.tech/product/index.html]
[relearning.tech/wp-json/oembed/1.0/embedf4cf.json]
[relearning.tech/wp-json/oembed/1.0/embed8798]
[relearning.tech/wp-content/uploads/elementor/css/post-146538b.css]
[relearning.tech/wp-json/wp/v2/pages/146.json]
[relearning.tech/blog/index.html]
[relearning.tech/wp-json/oembed/1.0/embed599d.json]
[relearning.tech/wp-json/oembed/1.0/embedd459]
[relearning.tech/wp-content/plugins/elementor/assets/css/widget-google_maps.min6740.css]
[relearning.tech/wp-content/uploads/elementor/css/post-1488f13.css]
[relearning.tech/wp-json/wp/v2/pages/148.json]
[relearning.tech/wp-content/uploads/2022/04/lumensoft-technologies-WaGMKmJ2F0Y-unsplash.55.delayed]
[relearning.tech/wp-content/uploads/forminator/339_0209d9dadc90e2f77b195c32c1ed005e/css/style-339011e.css]
[relearning.tech/wp-content/plugins/forminator/assets/css/intlTelInput.minfa0c.css]
[relearning.tech/wp-content/plugins/forminator/assets/js/library/intlTelInput.min151a.js]
[relearning.tech/contact/index.html]
[relearning.tech/wp-json/oembed/1.0/embed280c.json]
[relearning.tech/wp-json/oembed/1.0/embedffed]
[relearning.tech/wp-content/plugins/elementor/assets/css/widget-image-box.min6740.css]
[relearning.tech/wp-content/uploads/elementor/css/post-506a4db.css]
[relearning.tech/wp-json/wp/v2/pages/506.json]
[relearning.tech/wp-content/uploads/2022/06/donate-web-1.5f.delayed]
[relearning.tech/wp-content/uploads/2022/06/5368831.png]
[relearning.tech/wp-content/uploads/2022/06/4299051.png]
[relearning.tech/donate/index.html]
[fonts.bunny.net/roboto/files/roboto-math-400-normal.woff2]
[fonts.bunny.net/roboto/files/roboto-greek-400-normal.woff2]
[fonts.bunny.net/roboto/files/roboto-latin-400-normal.woff2]
[fonts.bunny.net/roboto/files/roboto-symbols-400-normal.woff2]
[fonts.bunny.net/roboto/files/roboto-cyrillic-400-normal.woff2]
[fonts.bunny.net/roboto/files/roboto-greek-ext-400-normal.woff2]
[fonts.bunny.net/roboto/files/roboto-latin-ext-400-normal.woff2]
[fonts.bunny.net/roboto/files/roboto-vietnamese-400-normal.woff2]
[fonts.bunny.net/roboto/files/roboto-cyrillic-ext-400-normal.woff2]
[fonts.bunny.net/cssbcd5.css]
[relearning.tech/indexee5b.html]
[relearning.tech/index63fb.html]
[relearning.tech/indexf488.html]
[relearning.tech/indexa36b.html]
[relearning.tech/index8ce5.html]
[relearning.tech/wp-json/index.html]
[relearning.tech/wp-json/wp/v2/pages/12.json]
[relearning.tech/wp-content/uploads/2022/06/MicrosoftTeams-image-3-e1654717935932.jpg]
[relearning.tech/wp-content/uploads/2022/02/Webp.net-resizeimage-1.png]
[relearning.tech/wp-content/plugins/the-post-grid/assets/vendor/font-awesome/webfonts/fa-brands-400.6b.delayed]
[relearning.tech/wp-content/plugins/the-post-grid/assets/vendor/font-awesome/webfonts/fa-brands-400.ttf]
[relearning.tech/wp-json/oembed/1.0/embed3d23.json]
[relearning.tech/wp-content/plugins/the-post-grid/assets/vendor/font-awesome/webfonts/fa-regular-400.6d.delayed]
[relearning.tech/wp-json/wp/v2/pages/142.json]
[relearning.tech/wp-content/uploads/2022/07/Logo-768x768.png]
[relearning.tech/wp-content/plugins/the-post-grid/assets/vendor/font-awesome/webfonts/fa-regular-400.ttf]
[relearning.tech/wp-content/plugins/the-post-grid/assets/vendor/font-awesome/webfonts/fa-solid-900.woff2]
[relearning.tech/wp-content/plugins/the-post-grid/assets/vendor/font-awesome/webfonts/fa-solid-900.ttf]
[relearning.tech/wp-json/wp/v2/pages/319.json]
[relearning.tech/wp-json/oembed/1.0/embed7559.json]
[relearning.tech/wp-json/oembed/1.0/embedf4cf.json]
[relearning.tech/wp-content/plugins/the-post-grid/assets/vendor/font-awesome/webfonts/fa-v4compatibility.woff2]
[relearning.tech/wp-json/wp/v2/pages/146.json]
[relearning.tech/wp-content/uploads/2022/04/lumensoft-technologies-WaGMKmJ2F0Y-unsplash.jpg]
[relearning.tech/wp-json/wp/v2/pages/148.json]
[relearning.tech/wp-json/oembed/1.0/embed599d.json]
[relearning.tech/wp-content/plugins/the-post-grid/assets/vendor/font-awesome/webfonts/fa-v4compatibility.ttf]
[relearning.tech/wp-content/plugins/the-post-grid/assets/vendor/font-awesome/css/font-awesome.min883c.css]
[relearning.tech/wp-content/uploads/2022/06/donate-web-1.png]
[relearning.tech/wp-json/wp/v2/pages/506.json]
[relearning.tech/wp-json/oembed/1.0/embed280c.json]
[relearning.tech/wp-json/oembed/1.0/embed4453]
[relearning.tech/wp-content/plugins/the-post-grid/assets/vendor/font-awesome/webfonts/fa-brands-400.woff2]
[relearning.tech/wp-content/plugins/the-post-grid/assets/images/loading.gif]
[relearning.tech/wp-content/plugins/the-post-grid/assets/css/thepostgrid.min883c.css]
[relearning.tech/wp-content/themes/generatepress/assets/css/components/widget-areas.mina7a0.css]
[relearning.tech/wp-content/themes/generatepress/assets/css/main.mina7a0.css]
[relearning.tech/wp-content/plugins/the-post-grid/assets/vendor/font-awesome/webfonts/fa-regular-400.woff2]
[relearning.tech/wp-content/plugins/elementor/assets/lib/eicons/fonts/eiconse34b.eot]
[relearning.tech/wp-content/plugins/elementor/assets/lib/eicons/fonts/eiconse34b.woff2]
[relearning.tech/wp-content/plugins/elementor/assets/lib/eicons/fonts/eiconse34b.woff]
[relearning.tech/wp-content/plugins/elementor/assets/lib/eicons/fonts/eiconse34b.ttf]
[relearning.tech/wp-content/plugins/elementor/assets/lib/eicons/css/elementor-icons.min7f15.css]
[relearning.tech/wp-content/plugins/elementor/assets/css/frontend.min6740.css]
[relearning.tech/wp-content/uploads/elementor/css/post-11fde0.css]
[relearning.tech/wp-content/plugins/elementor/assets/lib/swiper/v8/css/swiper.min94a4.css]
[relearning.tech/wp-content/plugins/elementor/assets/css/conditionals/e-swiper.min6740.css]
[relearning.tech/wp-content/plugins/elementor/assets/css/widget-image-carousel.min6740.css]
[relearning.tech/wp-content/plugins/elementor/assets/css/widget-icon-box.min6740.css]
[relearning.tech/wp-content/plugins/elementor/assets/css/widget-heading.min6740.css]
[relearning.tech/wp-content/plugins/elementor/assets/css/widget-image.min6740.css]
[relearning.tech/wp-content/plugins/elementor/assets/css/widget-divider.min6740.css]
[relearning.tech/wp-content/uploads/elementor/css/post-12b109.css]
[relearning.tech/wp-content/uploads/elementor/google-fonts/fonts/roboto-59bd2d54.woff2]
[relearning.tech/wp-content/uploads/elementor/google-fonts/fonts/roboto-09f504e0.woff2]
[relearning.tech/wp-content/uploads/elementor/google-fonts/fonts/roboto-ec145187.woff2]
[relearning.tech/wp-content/uploads/elementor/google-fonts/fonts/roboto-6b29be68.woff2]
[relearning.tech/wp-content/uploads/elementor/google-fonts/fonts/roboto-48514a2c.woff2]
[relearning.tech/wp-content/uploads/elementor/google-fonts/fonts/roboto-a81d578b.woff2]
[relearning.tech/wp-content/uploads/elementor/google-fonts/fonts/roboto-894b2e7f.woff2]
[relearning.tech/wp-content/uploads/elementor/google-fonts/fonts/roboto-e2103707.woff2]
[relearning.tech/wp-content/uploads/elementor/google-fonts/fonts/roboto-8ed4bb54.woff2]
[relearning.tech/wp-content/uploads/elementor/google-fonts/fonts/roboto-210e0792.woff2]
[relearning.tech/wp-content/uploads/elementor/google-fonts/fonts/roboto-f6655444.woff2]
[relearning.tech/wp-content/uploads/elementor/google-fonts/fonts/roboto-0249f65a.woff2]
[relearning.tech/wp-content/uploads/elementor/google-fonts/fonts/roboto-b5151e85.woff2]
[relearning.tech/wp-content/uploads/elementor/google-fonts/fonts/roboto-ba5507f2.woff2]
[relearning.tech/wp-content/uploads/elementor/google-fonts/fonts/roboto-da69b94e.woff2]
[relearning.tech/wp-content/uploads/elementor/google-fonts/fonts/roboto-bbbbbd37.woff2]
[relearning.tech/wp-content/uploads/elementor/google-fonts/fonts/roboto-f0106b44.woff2]
[relearning.tech/wp-content/uploads/elementor/google-fonts/fonts/roboto-0f7fcdc8.woff2]
[relearning.tech/wp-content/uploads/elementor/google-fonts/css/robotocf3f.css]
[relearning.tech/wp-content/uploads/elementor/google-fonts/fonts/robotoslab-56de4385.woff2]
[relearning.tech/wp-content/uploads/elementor/google-fonts/fonts/robotoslab-fa7c06b8.woff2]
[relearning.tech/wp-content/uploads/elementor/google-fonts/fonts/robotoslab-ca82665f.woff2]
[relearning.tech/wp-content/uploads/elementor/google-fonts/fonts/robotoslab-cb40bc4b.woff2]
[relearning.tech/wp-content/uploads/elementor/google-fonts/fonts/robotoslab-429238b9.woff2]
[relearning.tech/wp-content/uploads/elementor/google-fonts/fonts/robotoslab-ef584ac5.woff2]
[relearning.tech/wp-content/uploads/elementor/google-fonts/fonts/robotoslab-c5e794db.woff2]
[relearning.tech/wp-content/uploads/elementor/google-fonts/css/robotoslab466d.css]
[relearning.tech/wp-content/uploads/elementor/google-fonts/fonts/sora-c07681a2.woff2]
[relearning.tech/wp-content/uploads/elementor/google-fonts/fonts/sora-c7aee659.woff2]
[relearning.tech/wp-content/uploads/elementor/google-fonts/css/sora466d.css]
[relearning.tech/wp-content/uploads/elementor/google-fonts/fonts/kanit-1539368f.woff2]
[relearning.tech/wp-content/uploads/elementor/google-fonts/fonts/kanit-f0a67fc1.woff2]
[relearning.tech/wp-content/uploads/elementor/google-fonts/fonts/kanit-65383d73.woff2]
[relearning.tech/wp-content/uploads/elementor/google-fonts/fonts/kanit-3dcbe62f.woff2]
[relearning.tech/wp-content/uploads/elementor/google-fonts/fonts/kanit-a0b4630c.woff2]
[relearning.tech/wp-content/uploads/elementor/google-fonts/fonts/kanit-8d4a6868.woff2]
[relearning.tech/wp-content/uploads/elementor/google-fonts/fonts/kanit-88bc94dc.woff2]
[relearning.tech/wp-content/uploads/elementor/google-fonts/fonts/kanit-d4ade69a.woff2]
[relearning.tech/wp-content/uploads/elementor/google-fonts/fonts/kanit-d41bfdd9.woff2]
[relearning.tech/wp-content/uploads/elementor/google-fonts/fonts/kanit-4879d9ee.woff2]
[relearning.tech/wp-content/uploads/elementor/google-fonts/fonts/kanit-3536adf8.woff2]
[relearning.tech/wp-content/uploads/elementor/google-fonts/fonts/kanit-f89f6c65.woff2]
[relearning.tech/wp-content/uploads/elementor/google-fonts/fonts/kanit-2b0af0d1.woff2]
[relearning.tech/wp-content/uploads/elementor/google-fonts/fonts/kanit-2102d39c.woff2]
[relearning.tech/wp-content/uploads/elementor/google-fonts/fonts/kanit-b92edd52.woff2]
[relearning.tech/wp-content/uploads/elementor/google-fonts/fonts/kanit-2a7d12a6.woff2]
[relearning.tech/wp-content/uploads/elementor/google-fonts/fonts/kanit-94647485.woff2]
[relearning.tech/wp-content/uploads/elementor/google-fonts/fonts/kanit-e594e912.woff2]
[relearning.tech/wp-content/uploads/elementor/google-fonts/fonts/kanit-ce504c13.woff2]
[relearning.tech/wp-content/uploads/elementor/google-fonts/fonts/kanit-7916779d.woff2]
[relearning.tech/wp-content/uploads/elementor/google-fonts/fonts/kanit-9323c48a.woff2]
[relearning.tech/wp-content/uploads/elementor/google-fonts/fonts/kanit-d39982c7.woff2]
[relearning.tech/wp-content/uploads/elementor/google-fonts/fonts/kanit-f57db7db.woff2]
[relearning.tech/wp-content/uploads/elementor/google-fonts/fonts/kanit-4937b892.woff2]
[relearning.tech/wp-content/uploads/elementor/google-fonts/fonts/kanit-981eb25b.woff2]
[relearning.tech/wp-content/uploads/elementor/google-fonts/fonts/kanit-706fae1e.woff2]
[relearning.tech/wp-content/uploads/elementor/google-fonts/fonts/kanit-546867f2.woff2]
[relearning.tech/wp-content/uploads/elementor/google-fonts/fonts/kanit-9009f5a5.woff2]
[relearning.tech/wp-content/uploads/elementor/google-fonts/fonts/kanit-7c5f9393.woff2]
[relearning.tech/wp-content/uploads/elementor/google-fonts/fonts/kanit-81b19f57.woff2]
[relearning.tech/wp-content/uploads/elementor/google-fonts/fonts/kanit-524d4ffd.woff2]
[relearning.tech/wp-content/uploads/elementor/google-fonts/fonts/kanit-30e89d55.woff2]
[relearning.tech/wp-content/uploads/elementor/google-fonts/fonts/kanit-9b99c809.woff2]
[relearning.tech/wp-content/uploads/elementor/google-fonts/fonts/kanit-87445210.woff2]
[relearning.tech/wp-content/uploads/elementor/google-fonts/fonts/kanit-459dc03d.woff2]
[relearning.tech/wp-content/uploads/elementor/google-fonts/fonts/kanit-f65968fe.woff2]
[relearning.tech/wp-content/uploads/elementor/google-fonts/fonts/kanit-b8de9583.woff2]
[relearning.tech/wp-content/uploads/elementor/google-fonts/fonts/kanit-c5450ab4.woff2]
[relearning.tech/wp-content/uploads/elementor/google-fonts/fonts/kanit-829bfdd0.woff2]
[relearning.tech/wp-content/uploads/elementor/google-fonts/fonts/kanit-1275f421.woff2]
[relearning.tech/wp-content/uploads/elementor/google-fonts/fonts/kanit-cf6cffb8.woff2]
[relearning.tech/wp-content/uploads/elementor/google-fonts/fonts/kanit-9c97e300.woff2]
[relearning.tech/wp-content/uploads/elementor/google-fonts/fonts/kanit-fe033e0d.woff2]
[relearning.tech/wp-content/uploads/elementor/google-fonts/fonts/kanit-4e52a363.woff2]
[relearning.tech/wp-content/uploads/elementor/google-fonts/fonts/kanit-ac8ec58a.woff2]
[relearning.tech/wp-content/uploads/elementor/google-fonts/fonts/kanit-beca71b6.woff2]
[relearning.tech/wp-content/uploads/elementor/google-fonts/fonts/kanit-8e6ee79d.woff2]
[relearning.tech/wp-content/uploads/elementor/google-fonts/fonts/kanit-67834cdf.woff2]
[relearning.tech/wp-content/uploads/elementor/google-fonts/fonts/kanit-a92208e3.woff2]
[relearning.tech/wp-content/uploads/elementor/google-fonts/fonts/kanit-3bfa7b53.woff2]
[relearning.tech/wp-content/uploads/elementor/google-fonts/fonts/kanit-fd1ad765.woff2]
[relearning.tech/wp-content/uploads/elementor/google-fonts/fonts/kanit-b827ec8b.woff2]
[relearning.tech/wp-content/uploads/elementor/google-fonts/fonts/kanit-013a95b6.woff2]
[relearning.tech/wp-content/uploads/elementor/google-fonts/fonts/kanit-02e5c719.woff2]
[relearning.tech/wp-content/uploads/elementor/google-fonts/fonts/kanit-52e80799.woff2]
[relearning.tech/wp-content/uploads/elementor/google-fonts/fonts/kanit-9b4460b8.woff2]
[relearning.tech/wp-content/uploads/elementor/google-fonts/fonts/kanit-31fe8174.woff2]
[relearning.tech/wp-content/uploads/elementor/google-fonts/fonts/kanit-4be14d93.woff2]
[relearning.tech/wp-content/uploads/elementor/google-fonts/fonts/kanit-10afe86e.woff2]
[relearning.tech/wp-content/uploads/elementor/google-fonts/fonts/kanit-dfd41cf9.woff2]
[relearning.tech/wp-content/uploads/elementor/google-fonts/fonts/kanit-abbbc845.woff2]
[relearning.tech/wp-content/uploads/elementor/google-fonts/fonts/kanit-f2db451b.woff2]
[relearning.tech/wp-content/uploads/elementor/google-fonts/fonts/kanit-9b154aeb.woff2]
[relearning.tech/wp-content/uploads/elementor/google-fonts/fonts/kanit-e88e2a43.woff2]
[relearning.tech/wp-content/uploads/elementor/google-fonts/fonts/kanit-0fb9c8bf.woff2]
[relearning.tech/wp-content/uploads/elementor/google-fonts/fonts/kanit-89bb8df5.woff2]
[relearning.tech/wp-content/uploads/elementor/google-fonts/fonts/kanit-02e93992.woff2]
[relearning.tech/wp-content/uploads/elementor/google-fonts/fonts/kanit-bb92d284.woff2]
[relearning.tech/wp-content/uploads/elementor/google-fonts/fonts/kanit-b24a64bc.woff2]
[relearning.tech/wp-content/uploads/elementor/google-fonts/fonts/kanit-5a793220.woff2]
[relearning.tech/wp-content/uploads/elementor/google-fonts/fonts/kanit-6042a184.woff2]
[relearning.tech/wp-content/uploads/elementor/google-fonts/fonts/kanit-31501218.woff2]
[relearning.tech/wp-content/uploads/elementor/google-fonts/css/kanitc688.css]
[relearning.tech/wp-content/plugins/elementor/assets/lib/font-awesome/css/fontawesome.min52d5.css]
[relearning.tech/wp-content/plugins/elementor/assets/lib/font-awesome/webfonts/fa-solid-900.eot]
[relearning.tech/wp-content/plugins/elementor/assets/lib/font-awesome/webfonts/fa-solid-900d41d.eot]
[relearning.tech/wp-content/plugins/elementor/assets/lib/font-awesome/webfonts/fa-solid-900.woff2]
[relearning.tech/wp-content/plugins/elementor/assets/lib/font-awesome/webfonts/fa-solid-900.woff]
[relearning.tech/wp-content/plugins/elementor/assets/lib/font-awesome/webfonts/fa-solid-900.ttf]
[relearning.tech/wp-content/plugins/elementor/assets/lib/font-awesome/css/solid.min52d5.css]
[relearning.tech/xmlrpc0db0.php]
[relearning.tech/about-us/index.html]
[relearning.tech/wp-content/uploads/forminator/166_a85e8e65bbeb158e6be8038de3f774d6/css/style-16645c9.css]
[relearning.tech/wp-content/plugins/forminator/assets/forminator-ui/fonts/forminator-icons-font8782.eot]
[relearning.tech/wp-content/plugins/forminator/assets/forminator-ui/fonts/forminator-icons-font8782.woff2]
[relearning.tech/wp-content/plugins/forminator/assets/forminator-ui/fonts/forminator-icons-font8782.woff]
[relearning.tech/wp-content/plugins/forminator/assets/forminator-ui/fonts/forminator-icons-font8782.ttf]
[relearning.tech/wp-content/plugins/forminator/assets/forminator-ui/css/forminator-icons.min151a.css]
[relearning.tech/wp-content/plugins/forminator/assets/forminator-ui/css/src/forminator-utilities.min151a.css]
[relearning.tech/wp-content/plugins/forminator/assets/forminator-ui/css/src/grid/forminator-grid.open.min151a.css]
[relearning.tech/wp-content/plugins/forminator/assets/forminator-ui/css/src/form/forminator-form-flat.base.min151a.css]
[relearning.tech/wp-includes/css/buttons.min4d80.css]
[relearning.tech/wp-content/plugins/elementor/assets/css/widget-icon-list.min6740.css]
[relearning.tech/wp-json/oembed/1.0/embed766f]
[relearning.tech/wp-content/uploads/2022/03/Computer_Programmer1920X10180.png]
[relearning.tech/wp-content/uploads/elementor/css/post-1422e78.css]
[relearning.tech/indexee5b.html]
[relearning.tech/wp-content/uploads/elementor/css/post-3199758.css]
[relearning.tech/index63fb.html]
[relearning.tech/wp-json/oembed/1.0/embed25dc]
[relearning.tech/wp-content/uploads/elementor/css/post-146538b.css]
[relearning.tech/indexf488.html]
[relearning.tech/wp-json/oembed/1.0/embed8798]
[relearning.tech/wp-content/plugins/elementor/assets/css/widget-google_maps.min6740.css]
[relearning.tech/wp-content/uploads/elementor/css/post-1488f13.css]
[relearning.tech/indexa36b.html]
[relearning.tech/wp-content/uploads/forminator/339_0209d9dadc90e2f77b195c32c1ed005e/css/style-339011e.css]
[relearning.tech/wp-json/oembed/1.0/embedd459]
[relearning.tech/wp-content/plugins/forminator/assets/img/flags.webp]
[relearning.tech/wp-content/plugins/forminator/assets/img/flags@2x.webp]
[relearning.tech/wp-content/plugins/forminator/assets/img/globe.webp]
[relearning.tech/wp-content/plugins/forminator/assets/img/globe@2x.webp]
[relearning.tech/wp-content/plugins/forminator/assets/css/intlTelInput.minfa0c.css]
[relearning.tech/wp-content/plugins/elementor/assets/css/widget-image-box.min6740.css]
[relearning.tech/wp-content/uploads/elementor/css/post-506a4db.css]
[relearning.tech/index8ce5.html]
[relearning.tech/wp-content/plugins/elementor/assets/lib/eicons/fonts/eiconse34b.svg]
[relearning.tech/wp-content/plugins/elementor/assets/lib/font-awesome/webfonts/fa-solid-900.svg]
[relearning.tech/wp-content/plugins/forminator/assets/forminator-ui/fonts/forminator-icons-font8782.svg]
[relearning.tech/wp-json/oembed/1.0/embedffed]
